   Compiling svc-workflow v0.1.0 (/Users/yanfenma/workspace/worktrees/svc-authoring-usability-v1)
    Finished `test` profile [unoptimized + debuginfo] target(s) in 5.01s
     Running unittests src/lib.rs (target/debug/deps/svc_workflow-21c73d36ac6763b6)

running 4 tests
test application::definition_governance::diagnostics::tests::catalog_is_complete_bounded_and_sanitizer_safe ... ok
test application::definition_governance::diagnostics::tests::corrupt_receipt_fails_closed ... ok
test application::definition_governance::diagnostics::tests::projection_deduplicates_sorts_caps_and_ignores_untrusted_strings ... ok
test application::definition_governance::receipt::tests::historical_error_decodes_and_new_receipt_is_closed ... ok

test result: ok. 4 passed; 0 failed; 0 ignored; 0 measured; 171 filtered out; finished in 0.00s

   Compiling svc-workflow v0.1.0 (/Users/yanfenma/workspace/worktrees/svc-authoring-usability-v1)
warning: unused import: `tokio::net::TcpListener`
  --> tests/common/mod.rs:30:5
   |
30 | use tokio::net::TcpListener;
   |     ^^^^^^^^^^^^^^^^^^^^^^^
   |
   = note: `#[warn(unused_imports)]` (part of `#[warn(unused)]`) on by default

warning: unused import: `tokio::io::AsyncWriteExt`
  --> tests/common/mod.rs:29:5
   |
29 | use tokio::io::AsyncWriteExt;
   |     ^^^^^^^^^^^^^^^^^^^^^^^^

warning: `svc-workflow` (test "30_definition_graph_diagnostics") generated 2 warnings (run `cargo fix --test "30_definition_graph_diagnostics" -p svc-workflow` to apply 1 suggestion)
    Finished `test` profile [unoptimized + debuginfo] target(s) in 7.99s
     Running tests/30_definition_graph_diagnostics.rs (target/debug/deps/30_definition_graph_diagnostics-430f03aacc3e3fe0)

running 1 test
test canonical_failures_are_actionable_atomic_and_replayable_over_tcp ... ok

test result: ok. 1 passed; 0 failed; 0 ignored; 0 measured; 0 filtered out; finished in 2.04s

